C51 COMPILER V9.01   KEY                                                                   10/21/2018 08:58:51 PAGE 1   


C51 COMPILER V9.01, COMPILATION OF MODULE KEY
OBJECT MODULE PLACED IN key.obj
COMPILER INVOKED BY: C:\Program Files (x86)\Keil\C51\BIN\C51.EXE key_c\key.c BROWSE DEBUG OBJECTEXTEND PRINT(.\key.lst) 
                    -OBJECT(key.obj)

line level    source

   1          #include "key_c/key.h"
   2          #include "delay_c/delay.h"
   3          
   4          
   5          //按键检测函数，如果按下返回按键标号，否则返回4
   6          uchar key_check(uchar *key)
   7          {
   8   1              uchar i;
   9   1              (*key) = key1;
  10   1              (*(key+1)) = key2;
  11   1              (*(key+2)) = key3;
  12   1              for(i = 0;i < 3;i++)
  13   1              {
  14   2                      if((*(key+i)) == 0)
  15   2                      {
  16   3                              delay_ms(10);
  17   3                              if((*(key+i)) == 0)
  18   3                              return i;break;
  19   3                      }
  20   2              }
  21   1              return 4;
  22   1      }


MODULE INFORMATION:   STATIC OVERLAYABLE
   CODE SIZE        =     97    ----
   CONSTANT SIZE    =   ----    ----
   XDATA SIZE       =   ----    ----
   PDATA SIZE       =   ----    ----
   DATA SIZE        =   ----       4
   IDATA SIZE       =   ----    ----
   BIT SIZE         =   ----    ----
END OF MODULE INFORMATION.


C51 COMPILATION COMPLETE.  0 WARNING(S),  0 ERROR(S)
